Archive member included to satisfy reference by file (symbol)

c:/st/stm32cubeide_1.7.0/stm32cubeide/plugins/com.st.stm32cube.ide.mcu.externaltools.gnu-tools-for-stm32.9-2020-q2-update.win32_2.0.0.202105311346/tools/bin/../lib/gcc/arm-none-eabi/9.3.1/../../../../arm-none-eabi/lib/thumb/v7e-m+fp/hard\libc_nano.a(lib_a-errno.o)
                              ./Core/Src/syscalls.o (__errno)
c:/st/stm32cubeide_1.7.0/stm32cubeide/plugins/com.st.stm32cube.ide.mcu.externaltools.gnu-tools-for-stm32.9-2020-q2-update.win32_2.0.0.202105311346/tools/bin/../lib/gcc/arm-none-eabi/9.3.1/../../../../arm-none-eabi/lib/thumb/v7e-m+fp/hard\libc_nano.a(lib_a-exit.o)
                              c:/st/stm32cubeide_1.7.0/stm32cubeide/plugins/com.st.stm32cube.ide.mcu.externaltools.gnu-tools-for-stm32.9-2020-q2-update.win32_2.0.0.202105311346/tools/bin/../lib/gcc/arm-none-eabi/9.3.1/../../../../arm-none-eabi/lib/thumb/v7e-m+fp/hard/crt0.o (exit)
c:/st/stm32cubeide_1.7.0/stm32cubeide/plugins/com.st.stm32cube.ide.mcu.externaltools.gnu-tools-for-stm32.9-2020-q2-update.win32_2.0.0.202105311346/tools/bin/../lib/gcc/arm-none-eabi/9.3.1/../../../../arm-none-eabi/lib/thumb/v7e-m+fp/hard\libc_nano.a(lib_a-impure.o)
                              c:/st/stm32cubeide_1.7.0/stm32cubeide/plugins/com.st.stm32cube.ide.mcu.externaltools.gnu-tools-for-stm32.9-2020-q2-update.win32_2.0.0.202105311346/tools/bin/../lib/gcc/arm-none-eabi/9.3.1/../../../../arm-none-eabi/lib/thumb/v7e-m+fp/hard\libc_nano.a(lib_a-exit.o) (_global_impure_ptr)
c:/st/stm32cubeide_1.7.0/stm32cubeide/plugins/com.st.stm32cube.ide.mcu.externaltools.gnu-tools-for-stm32.9-2020-q2-update.win32_2.0.0.202105311346/tools/bin/../lib/gcc/arm-none-eabi/9.3.1/../../../../arm-none-eabi/lib/thumb/v7e-m+fp/hard\libc_nano.a(lib_a-init.o)
                              c:/st/stm32cubeide_1.7.0/stm32cubeide/plugins/com.st.stm32cube.ide.mcu.externaltools.gnu-tools-for-stm32.9-2020-q2-update.win32_2.0.0.202105311346/tools/bin/../lib/gcc/arm-none-eabi/9.3.1/../../../../arm-none-eabi/lib/thumb/v7e-m+fp/hard/crt0.o (__libc_init_array)
c:/st/stm32cubeide_1.7.0/stm32cubeide/plugins/com.st.stm32cube.ide.mcu.externaltools.gnu-tools-for-stm32.9-2020-q2-update.win32_2.0.0.202105311346/tools/bin/../lib/gcc/arm-none-eabi/9.3.1/../../../../arm-none-eabi/lib/thumb/v7e-m+fp/hard\libc_nano.a(lib_a-memset.o)
                              c:/st/stm32cubeide_1.7.0/stm32cubeide/plugins/com.st.stm32cube.ide.mcu.externaltools.gnu-tools-for-stm32.9-2020-q2-update.win32_2.0.0.202105311346/tools/bin/../lib/gcc/arm-none-eabi/9.3.1/../../../../arm-none-eabi/lib/thumb/v7e-m+fp/hard/crt0.o (memset)
c:/st/stm32cubeide_1.7.0/stm32cubeide/plugins/com.st.stm32cube.ide.mcu.externaltools.gnu-tools-for-stm32.9-2020-q2-update.win32_2.0.0.202105311346/tools/bin/../lib/gcc/arm-none-eabi/9.3.1/thumb/v7e-m+fp/hard\libgcc.a(_aeabi_uldivmod.o)
                              ./Drivers/STM32F4xx_HAL_Driver/Src/stm32f4xx_hal_rcc.o (__aeabi_uldivmod)
c:/st/stm32cubeide_1.7.0/stm32cubeide/plugins/com.st.stm32cube.ide.mcu.externaltools.gnu-tools-for-stm32.9-2020-q2-update.win32_2.0.0.202105311346/tools/bin/../lib/gcc/arm-none-eabi/9.3.1/thumb/v7e-m+fp/hard\libgcc.a(_udivmoddi4.o)
                              c:/st/stm32cubeide_1.7.0/stm32cubeide/plugins/com.st.stm32cube.ide.mcu.externaltools.gnu-tools-for-stm32.9-2020-q2-update.win32_2.0.0.202105311346/tools/bin/../lib/gcc/arm-none-eabi/9.3.1/thumb/v7e-m+fp/hard\libgcc.a(_aeabi_uldivmod.o) (__udivmoddi4)
c:/st/stm32cubeide_1.7.0/stm32cubeide/plugins/com.st.stm32cube.ide.mcu.externaltools.gnu-tools-for-stm32.9-2020-q2-update.win32_2.0.0.202105311346/tools/bin/../lib/gcc/arm-none-eabi/9.3.1/thumb/v7e-m+fp/hard\libgcc.a(_dvmd_tls.o)
                              c:/st/stm32cubeide_1.7.0/stm32cubeide/plugins/com.st.stm32cube.ide.mcu.externaltools.gnu-tools-for-stm32.9-2020-q2-update.win32_2.0.0.202105311346/tools/bin/../lib/gcc/arm-none-eabi/9.3.1/thumb/v7e-m+fp/hard\libgcc.a(_aeabi_uldivmod.o) (__aeabi_ldiv0)

Allocating common symbols
Common symbol       size              file

x                   0x2               ./Core/Src/main.o
uwTick              0x4               ./Drivers/STM32F4xx_HAL_Driver/Src/stm32f4xx_hal.o
pFlash              0x20              ./Drivers/STM32F4xx_HAL_Driver/Src/stm32f4xx_hal_flash.o
z_final             0x2               ./Core/Src/main.o
rxdf                0x2               ./Core/Src/main.o
z                   0x2               ./Core/Src/main.o
x_final             0x2               ./Core/Src/main.o
huart1              0x44              ./Core/Src/main.o
y                   0x2               ./Core/Src/main.o
huart2              0x44              ./Core/Src/main.o
y_final             0x2               ./Core/Src/main.o
rxd                 0x2               ./Core/Src/main.o

Discarded input sections

[...]
Memory Configuration

Name             Origin             Length             Attributes
CCMRAM           0x0000000010000000 0x0000000000010000 xrw
RAM              0x0000000020000000 0x0000000000020000 xrw
FLASH            0x0000000008000000 0x0000000000100000 xr
*default*        0x0000000000000000 0xffffffffffffffff

Linker script and memory map

LOAD c:/st/stm32cubeide_1.7.0/stm32cubeide/plugins/com.st.stm32cube.ide.mcu.externaltools.gnu-tools-for-stm32.9-2020-q2-update.win32_2.0.0.202105311346/tools/bin/../lib/gcc/arm-none-eabi/9.3.1/thumb/v7e-m+fp/hard/crti.o
LOAD c:/st/stm32cubeide_1.7.0/stm32cubeide/plugins/com.st.stm32cube.ide.mcu.externaltools.gnu-tools-for-stm32.9-2020-q2-update.win32_2.0.0.202105311346/tools/bin/../lib/gcc/arm-none-eabi/9.3.1/thumb/v7e-m+fp/hard/crtbegin.o
LOAD c:/st/stm32cubeide_1.7.0/stm32cubeide/plugins/com.st.stm32cube.ide.mcu.externaltools.gnu-tools-for-stm32.9-2020-q2-update.win32_2.0.0.202105311346/tools/bin/../lib/gcc/arm-none-eabi/9.3.1/../../../../arm-none-eabi/lib/thumb/v7e-m+fp/hard/crt0.o
LOAD ./Core/Src/main.o
LOAD ./Core/Src/stm32f4xx_hal_msp.o
LOAD ./Core/Src/stm32f4xx_it.o
LOAD ./Core/Src/syscalls.o
LOAD ./Core/Src/sysmem.o
LOAD ./Core/Src/system_stm32f4xx.o
LOAD ./Core/Startup/startup_stm32f407vgtx.o
LOAD ./Drivers/STM32F4xx_HAL_Driver/Src/stm32f4xx_hal.o
LOAD ./Drivers/STM32F4xx_HAL_Driver/Src/stm32f4xx_hal_cortex.o
LOAD ./Drivers/STM32F4xx_HAL_Driver/Src/stm32f4xx_hal_dma.o
LOAD ./Drivers/STM32F4xx_HAL_Driver/Src/stm32f4xx_hal_dma_ex.o
LOAD ./Drivers/STM32F4xx_HAL_Driver/Src/stm32f4xx_hal_exti.o
LOAD ./Drivers/STM32F4xx_HAL_Driver/Src/stm32f4xx_hal_flash.o
LOAD ./Drivers/STM32F4xx_HAL_Driver/Src/stm32f4xx_hal_flash_ex.o
LOAD ./Drivers/STM32F4xx_HAL_Driver/Src/stm32f4xx_hal_flash_ramfunc.o
LOAD ./Drivers/STM32F4xx_HAL_Driver/Src/stm32f4xx_hal_gpio.o
LOAD ./Drivers/STM32F4xx_HAL_Driver/Src/stm32f4xx_hal_pwr.o
LOAD ./Drivers/STM32F4xx_HAL_Driver/Src/stm32f4xx_hal_pwr_ex.o
LOAD ./Drivers/STM32F4xx_HAL_Driver/Src/stm32f4xx_hal_rcc.o
LOAD ./Drivers/STM32F4xx_HAL_Driver/Src/stm32f4xx_hal_rcc_ex.o
LOAD ./Drivers/STM32F4xx_HAL_Driver/Src/stm32f4xx_hal_tim.o
LOAD ./Drivers/STM32F4xx_HAL_Driver/Src/stm32f4xx_hal_tim_ex.o
LOAD ./Drivers/STM32F4xx_HAL_Driver/Src/stm32f4xx_hal_uart.o
START GROUP
LOAD c:/st/stm32cubeide_1.7.0/stm32cubeide/plugins/com.st.stm32cube.ide.mcu.externaltools.gnu-tools-for-stm32.9-2020-q2-update.win32_2.0.0.202105311346/tools/bin/../lib/gcc/arm-none-eabi/9.3.1/../../../../arm-none-eabi/lib/thumb/v7e-m+fp/hard\libc_nano.a
LOAD c:/st/stm32cubeide_1.7.0/stm32cubeide/plugins/com.st.stm32cube.ide.mcu.externaltools.gnu-tools-for-stm32.9-2020-q2-update.win32_2.0.0.202105311346/tools/bin/../lib/gcc/arm-none-eabi/9.3.1/../../../../arm-none-eabi/lib/thumb/v7e-m+fp/hard\libm.a
END GROUP
START GROUP
LOAD c:/st/stm32cubeide_1.7.0/stm32cubeide/plugins/com.st.stm32cube.ide.mcu.externaltools.gnu-tools-for-stm32.9-2020-q2-update.win32_2.0.0.202105311346/tools/bin/../lib/gcc/arm-none-eabi/9.3.1/thumb/v7e-m+fp/hard\libgcc.a
LOAD c:/st/stm32cubeide_1.7.0/stm32cubeide/plugins/com.st.stm32cube.ide.mcu.externaltools.gnu-tools-for-stm32.9-2020-q2-update.win32_2.0.0.202105311346/tools/bin/../lib/gcc/arm-none-eabi/9.3.1/../../../../arm-none-eabi/lib/thumb/v7e-m+fp/hard\libc_nano.a
END GROUP
START GROUP
LOAD c:/st/stm32cubeide_1.7.0/stm32cubeide/plugins/com.st.stm32cube.ide.mcu.externaltools.gnu-tools-for-stm32.9-2020-q2-update.win32_2.0.0.202105311346/tools/bin/../lib/gcc/arm-none-eabi/9.3.1/thumb/v7e-m+fp/hard\libgcc.a
LOAD c:/st/stm32cubeide_1.7.0/stm32cubeide/plugins/com.st.stm32cube.ide.mcu.externaltools.gnu-tools-for-stm32.9-2020-q2-update.win32_2.0.0.202105311346/tools/bin/../lib/gcc/arm-none-eabi/9.3.1/../../../../arm-none-eabi/lib/thumb/v7e-m+fp/hard\libc_nano.a
LOAD c:/st/stm32cubeide_1.7.0/stm32cubeide/plugins/com.st.stm32cube.ide.mcu.externaltools.gnu-tools-for-stm32.9-2020-q2-update.win32_2.0.0.202105311346/tools/bin/../lib/gcc/arm-none-eabi/9.3.1/../../../../arm-none-eabi/lib/thumb/v7e-m+fp/hard\libnosys.a
END GROUP
START GROUP
LOAD c:/st/stm32cubeide_1.7.0/stm32cubeide/plugins/com.st.stm32cube.ide.mcu.externaltools.gnu-tools-for-stm32.9-2020-q2-update.win32_2.0.0.202105311346/tools/bin/../lib/gcc/arm-none-eabi/9.3.1/thumb/v7e-m+fp/hard\libgcc.a
LOAD c:/st/stm32cubeide_1.7.0/stm32cubeide/plugins/com.st.stm32cube.ide.mcu.externaltools.gnu-tools-for-stm32.9-2020-q2-update.win32_2.0.0.202105311346/tools/bin/../lib/gcc/arm-none-eabi/9.3.1/../../../../arm-none-eabi/lib/thumb/v7e-m+fp/hard\libc_nano.a
LOAD c:/st/stm32cubeide_1.7.0/stm32cubeide/plugins/com.st.stm32cube.ide.mcu.externaltools.gnu-tools-for-stm32.9-2020-q2-update.win32_2.0.0.202105311346/tools/bin/../lib/gcc/arm-none-eabi/9.3.1/../../../../arm-none-eabi/lib/thumb/v7e-m+fp/hard\libnosys.a
END GROUP
LOAD c:/st/stm32cubeide_1.7.0/stm32cubeide/plugins/com.st.stm32cube.ide.mcu.externaltools.gnu-tools-for-stm32.9-2020-q2-update.win32_2.0.0.202105311346/tools/bin/../lib/gcc/arm-none-eabi/9.3.1/thumb/v7e-m+fp/hard/crtend.o
LOAD c:/st/stm32cubeide_1.7.0/stm32cubeide/plugins/com.st.stm32cube.ide.mcu.externaltools.gnu-tools-for-stm32.9-2020-q2-update.win32_2.0.0.202105311346/tools/bin/../lib/gcc/arm-none-eabi/9.3.1/thumb/v7e-m+fp/hard/crtn.o
                0x0000000020020000                _estack = (ORIGIN (RAM) + LENGTH (RAM))
                0x0000000000000200                _Min_Heap_Size = 0x200
                0x0000000000000400                _Min_Stack_Size = 0x400

.isr_vector     0x0000000008000000      0x188
                0x0000000008000000                . = ALIGN (0x4)
 *(.isr_vector)
 .isr_vector    0x0000000008000000      0x188 ./Core/Startup/startup_stm32f407vgtx.o
                0x0000000008000000                g_pfnVectors
                0x0000000008000188                . = ALIGN (0x4)

.text           0x0000000008000188     0x2b18
                0x0000000008000188                . = ALIGN (0x4)
 *(.text)
 .text          0x0000000008000188       0x40 c:/st/stm32cubeide_1.7.0/stm32cubeide/plugins/com.st.stm32cube.ide.mcu.externaltools.gnu-tools-for-stm32.9-2020-q2-update.win32_2.0.0.202105311346/tools/bin/../lib/gcc/arm-none-eabi/9.3.1/thumb/v7e-m+fp/hard/crtbegin.o
 .text          0x00000000080001c8       0x30 c:/st/stm32cubeide_1.7.0/stm32cubeide/plugins/com.st.stm32cube.ide.mcu.externaltools.gnu-tools-for-stm32.9-2020-q2-update.win32_2.0.0.202105311346/tools/bin/../lib/gcc/arm-none-eabi/9.3.1/thumb/v7e-m+fp/hard\libgcc.a(_aeabi_uldivmod.o)
                0x00000000080001c8                __aeabi_uldivmod
 .text          0x00000000080001f8      0x2c4 c:/st/stm32cubeide_1.7.0/stm32cubeide/plugins/com.st.stm32cube.ide.mcu.externaltools.gnu-tools-for-stm32.9-2020-q2-update.win32_2.0.0.202105311346/tools/bin/../lib/gcc/arm-none-eabi/9.3.1/thumb/v7e-m+fp/hard\libgcc.a(_udivmoddi4.o)
                0x00000000080001f8                __udivmoddi4
 .text          0x00000000080004bc        0x4 c:/st/stm32cubeide_1.7.0/stm32cubeide/plugins/com.st.stm32cube.ide.mcu.externaltools.gnu-tools-for-stm32.9-2020-q2-update.win32_2.0.0.202105311346/tools/bin/../lib/gcc/arm-none-eabi/9.3.1/thumb/v7e-m+fp/hard\libgcc.a(_dvmd_tls.o)
                0x00000000080004bc                __aeabi_idiv0
                0x00000000080004bc                __aeabi_ldiv0
 *(.text*)
 .text.main     0x00000000080004c0      0x17c ./Core/Src/main.o
                0x00000000080004c0                main
 .text.SystemClock_Config
                0x000000000800063c       0xbc ./Core/Src/main.o
                0x000000000800063c                SystemClock_Config
 .text.MX_USART1_UART_Init
                0x00000000080006f8       0x54 ./Core/Src/main.o
 .text.MX_USART2_UART_Init
                0x000000000800074c       0x54 ./Core/Src/main.o
 .text.MX_GPIO_Init
                0x00000000080007a0       0x34 ./Core/Src/main.o
 .text.GPIO_Init
                0x00000000080007d4       0x90 ./Core/Src/main.o
                0x00000000080007d4                GPIO_Init
 .text.SPI_Init
                0x0000000008000864       0xac ./Core/Src/main.o
                0x0000000008000864                SPI_Init
 .text.SPI_Transmit
                0x0000000008000910       0x50 ./Core/Src/main.o
                0x0000000008000910                SPI_Transmit
 .text.SPI_Receive
                0x0000000008000960       0x54 ./Core/Src/main.o
                0x0000000008000960                SPI_Receive
 .text.LIS_Write
                0x00000000080009b4       0x44 ./Core/Src/main.o
                0x00000000080009b4                LIS_Write
 .text.LIS_Init
                0x00000000080009f8       0x10 ./Core/Src/main.o
                0x00000000080009f8                LIS_Init
 .text.LIS_Read
                0x0000000008000a08       0x40 ./Core/Src/main.o
                0x0000000008000a08                LIS_Read
 .text.Convert_To_Val
                0x0000000008000a48       0x74 ./Core/Src/main.o
                0x0000000008000a48                Convert_To_Val
 .text.Error_Handler
                0x0000000008000abc        0xa ./Core/Src/main.o
                0x0000000008000abc                Error_Handler
 *fill*         0x0000000008000ac6        0x2 
 .text.HAL_MspInit
                0x0000000008000ac8       0x50 ./Core/Src/stm32f4xx_hal_msp.o
                0x0000000008000ac8                HAL_MspInit
 .text.HAL_UART_MspInit
                0x0000000008000b18      0x118 ./Core/Src/stm32f4xx_hal_msp.o
                0x0000000008000b18                HAL_UART_MspInit
 .text.NMI_Handler
                0x0000000008000c30        0x6 ./Core/Src/stm32f4xx_it.o
                0x0000000008000c30                NMI_Handler
 .text.HardFault_Handler
                0x0000000008000c36        0x6 ./Core/Src/stm32f4xx_it.o
                0x0000000008000c36                HardFault_Handler
 .text.MemManage_Handler
                0x0000000008000c3c        0x6 ./Core/Src/stm32f4xx_it.o
                0x0000000008000c3c                MemManage_Handler
 .text.BusFault_Handler
                0x0000000008000c42        0x6 ./Core/Src/stm32f4xx_it.o
                0x0000000008000c42                BusFault_Handler
 .text.UsageFault_Handler
                0x0000000008000c48        0x6 ./Core/Src/stm32f4xx_it.o
                0x0000000008000c48                UsageFault_Handler
 .text.SVC_Handler
                0x0000000008000c4e        0xe ./Core/Src/stm32f4xx_it.o
                0x0000000008000c4e                SVC_Handler
 .text.DebugMon_Handler
                0x0000000008000c5c        0xe ./Core/Src/stm32f4xx_it.o
                0x0000000008000c5c                DebugMon_Handler
 .text.PendSV_Handler
                0x0000000008000c6a        0xe ./Core/Src/stm32f4xx_it.o
                0x0000000008000c6a                PendSV_Handler
 .text.SysTick_Handler
                0x0000000008000c78        0xc ./Core/Src/stm32f4xx_it.o
                0x0000000008000c78                SysTick_Handler
 .text.USART1_IRQHandler
                0x0000000008000c84       0x14 ./Core/Src/stm32f4xx_it.o
                0x0000000008000c84                USART1_IRQHandler
 .text.USART2_IRQHandler
                0x0000000008000c98       0x14 ./Core/Src/stm32f4xx_it.o
                0x0000000008000c98                USART2_IRQHandler
 .text.SystemInit
                0x0000000008000cac       0x24 ./Core/Src/system_stm32f4xx.o
                0x0000000008000cac                SystemInit
 .text.Reset_Handler
                0x0000000008000cd0       0x50 ./Core/Startup/startup_stm32f407vgtx.o
                0x0000000008000cd0                Reset_Handler
 .text.Default_Handler
                0x0000000008000d20        0x2 ./Core/Startup/startup_stm32f407vgtx.o
                0x0000000008000d20                RTC_Alarm_IRQHandler
                0x0000000008000d20                HASH_RNG_IRQHandler
                0x0000000008000d20                EXTI2_IRQHandler
                0x0000000008000d20                TIM8_CC_IRQHandler
                0x0000000008000d20                TIM1_CC_IRQHandler
                0x0000000008000d20                DMA2_Stream5_IRQHandler
                0x0000000008000d20                DMA1_Stream5_IRQHandler
                0x0000000008000d20                PVD_IRQHandler
                0x0000000008000d20                SDIO_IRQHandler
                0x0000000008000d20                TAMP_STAMP_IRQHandler
                0x0000000008000d20                CAN2_RX1_IRQHandler
                0x0000000008000d20                EXTI3_IRQHandler
                0x0000000008000d20                TIM8_TRG_COM_TIM14_IRQHandler
                0x0000000008000d20                TIM1_UP_TIM10_IRQHandler
                0x0000000008000d20                TIM8_UP_TIM13_IRQHandler
                0x0000000008000d20                I2C3_ER_IRQHandler
                0x0000000008000d20                EXTI0_IRQHandler
                0x0000000008000d20                I2C2_EV_IRQHandler
                0x0000000008000d20                DMA1_Stream2_IRQHandler
                0x0000000008000d20                CAN1_RX0_IRQHandler
                0x0000000008000d20                FPU_IRQHandler
                0x0000000008000d20                OTG_HS_WKUP_IRQHandler
                0x0000000008000d20                CAN2_SCE_IRQHandler
                0x0000000008000d20                DMA2_Stream2_IRQHandler
                0x0000000008000d20                SPI1_IRQHandler
                0x0000000008000d20                TIM6_DAC_IRQHandler
                0x0000000008000d20                TIM1_BRK_TIM9_IRQHandler
                0x0000000008000d20                DCMI_IRQHandler
                0x0000000008000d20                CAN2_RX0_IRQHandler
                0x0000000008000d20                DMA2_Stream3_IRQHandler
                0x0000000008000d20                USART6_IRQHandler
                0x0000000008000d20                USART3_IRQHandler
                0x0000000008000d20                CAN1_RX1_IRQHandler
                0x0000000008000d20                UART5_IRQHandler
                0x0000000008000d20                DMA2_Stream0_IRQHandler
                0x0000000008000d20                TIM4_IRQHandler
                0x0000000008000d20                I2C1_EV_IRQHandler
                0x0000000008000d20                DMA1_Stream6_IRQHandler
                0x0000000008000d20                DMA1_Stream1_IRQHandler
                0x0000000008000d20                UART4_IRQHandler
                0x0000000008000d20                TIM3_IRQHandler
                0x0000000008000d20                RCC_IRQHandler
                0x0000000008000d20                TIM8_BRK_TIM12_IRQHandler
                0x0000000008000d20                Default_Handler
                0x0000000008000d20                EXTI15_10_IRQHandler
                0x0000000008000d20                ADC_IRQHandler
                0x0000000008000d20                DMA1_Stream7_IRQHandler
                0x0000000008000d20                TIM7_IRQHandler
                0x0000000008000d20                CAN2_TX_IRQHandler
                0x0000000008000d20                TIM5_IRQHandler
                0x0000000008000d20                DMA2_Stream7_IRQHandler
                0x0000000008000d20                I2C3_EV_IRQHandler
                0x0000000008000d20                EXTI9_5_IRQHandler
                0x0000000008000d20                RTC_WKUP_IRQHandler
                0x0000000008000d20                ETH_WKUP_IRQHandler
                0x0000000008000d20                SPI2_IRQHandler
                0x0000000008000d20                OTG_HS_EP1_IN_IRQHandler
                0x0000000008000d20                DMA1_Stream0_IRQHandler
                0x0000000008000d20                CAN1_TX_IRQHandler
                0x0000000008000d20                EXTI4_IRQHandler
                0x0000000008000d20                FSMC_IRQHandler
                0x0000000008000d20                ETH_IRQHandler
                0x0000000008000d20                OTG_HS_EP1_OUT_IRQHandler
                0x0000000008000d20                WWDG_IRQHandler
                0x0000000008000d20                TIM2_IRQHandler
                0x0000000008000d20                OTG_FS_WKUP_IRQHandler
                0x0000000008000d20                TIM1_TRG_COM_TIM11_IRQHandler
                0x0000000008000d20                OTG_HS_IRQHandler
                0x0000000008000d20                EXTI1_IRQHandler
                0x0000000008000d20                I2C2_ER_IRQHandler
                0x0000000008000d20                DMA2_Stream1_IRQHandler
                0x0000000008000d20                CAN1_SCE_IRQHandler
                0x0000000008000d20                FLASH_IRQHandler
                0x0000000008000d20                DMA2_Stream4_IRQHandler
                0x0000000008000d20                OTG_FS_IRQHandler
                0x0000000008000d20                SPI3_IRQHandler
                0x0000000008000d20                DMA1_Stream4_IRQHandler
                0x0000000008000d20                I2C1_ER_IRQHandler
                0x0000000008000d20                DMA2_Stream6_IRQHandler
                0x0000000008000d20                DMA1_Stream3_IRQHandler
 *fill*         0x0000000008000d22        0x2 
 .text.HAL_Init
                0x0000000008000d24       0x44 ./Drivers/STM32F4xx_HAL_Driver/Src/stm32f4xx_hal.o
                0x0000000008000d24                HAL_Init
 .text.HAL_InitTick
                0x0000000008000d68       0x60 ./Drivers/STM32F4xx_HAL_Driver/Src/stm32f4xx_hal.o
                0x0000000008000d68                HAL_InitTick
 .text.HAL_IncTick
                0x0000000008000dc8       0x28 ./Drivers/STM32F4xx_HAL_Driver/Src/stm32f4xx_hal.o
                0x0000000008000dc8                HAL_IncTick
 .text.HAL_GetTick
                0x0000000008000df0       0x18 ./Drivers/STM32F4xx_HAL_Driver/Src/stm32f4xx_hal.o
                0x0000000008000df0                HAL_GetTick
 .text.HAL_Delay
                0x0000000008000e08       0x48 ./Drivers/STM32F4xx_HAL_Driver/Src/stm32f4xx_hal.o
                0x0000000008000e08                HAL_Delay
 .text.__NVIC_SetPriorityGrouping
                0x0000000008000e50       0x48 ./Drivers/STM32F4xx_HAL_Driver/Src/stm32f4xx_hal_cortex.o
 .text.__NVIC_GetPriorityGrouping
                0x0000000008000e98       0x1c ./Drivers/STM32F4xx_HAL_Driver/Src/stm32f4xx_hal_cortex.o
 .text.__NVIC_EnableIRQ
                0x0000000008000eb4       0x3c ./Drivers/STM32F4xx_HAL_Driver/Src/stm32f4xx_hal_cortex.o
 .text.__NVIC_SetPriority
                0x0000000008000ef0       0x54 ./Drivers/STM32F4xx_HAL_Driver/Src/stm32f4xx_hal_cortex.o
 .text.NVIC_EncodePriority
                0x0000000008000f44       0x66 ./Drivers/STM32F4xx_HAL_Driver/Src/stm32f4xx_hal_cortex.o
 *fill*         0x0000000008000faa        0x2 
 .text.SysTick_Config
                0x0000000008000fac       0x44 ./Drivers/STM32F4xx_HAL_Driver/Src/stm32f4xx_hal_cortex.o
 .text.HAL_NVIC_SetPriorityGrouping
                0x0000000008000ff0       0x16 ./Drivers/STM32F4xx_HAL_Driver/Src/stm32f4xx_hal_cortex.o
                0x0000000008000ff0                HAL_NVIC_SetPriorityGrouping
 .text.HAL_NVIC_SetPriority
                0x0000000008001006       0x38 ./Drivers/STM32F4xx_HAL_Driver/Src/stm32f4xx_hal_cortex.o
                0x0000000008001006                HAL_NVIC_SetPriority
 .text.HAL_NVIC_EnableIRQ
                0x000000000800103e       0x1c ./Drivers/STM32F4xx_HAL_Driver/Src/stm32f4xx_hal_cortex.o
                0x000000000800103e                HAL_NVIC_EnableIRQ
 .text.HAL_SYSTICK_Config
                0x000000000800105a       0x18 ./Drivers/STM32F4xx_HAL_Driver/Src/stm32f4xx_hal_cortex.o
                0x000000000800105a                HAL_SYSTICK_Config
 .text.HAL_DMA_Abort
                0x0000000008001072       0xe0 ./Drivers/STM32F4xx_HAL_Driver/Src/stm32f4xx_hal_dma.o
                0x0000000008001072                HAL_DMA_Abort
 .text.HAL_DMA_Abort_IT
                0x0000000008001152       0x44 ./Drivers/STM32F4xx_HAL_Driver/Src/stm32f4xx_hal_dma.o
                0x0000000008001152                HAL_DMA_Abort_IT
 *fill*         0x0000000008001196        0x2 
 .text.HAL_GPIO_Init
                0x0000000008001198      0x338 ./Drivers/STM32F4xx_HAL_Driver/Src/stm32f4xx_hal_gpio.o
                0x0000000008001198                HAL_GPIO_Init
 .text.HAL_RCC_OscConfig
                0x00000000080014d0      0x4f0 ./Drivers/STM32F4xx_HAL_Driver/Src/stm32f4xx_hal_rcc.o
                0x00000000080014d0                HAL_RCC_OscConfig
 .text.HAL_RCC_ClockConfig
                0x00000000080019c0      0x1cc ./Drivers/STM32F4xx_HAL_Driver/Src/stm32f4xx_hal_rcc.o
                0x00000000080019c0                HAL_RCC_ClockConfig
 .text.HAL_RCC_GetSysClockFreq
                0x0000000008001b8c      0x16c ./Drivers/STM32F4xx_HAL_Driver/Src/stm32f4xx_hal_rcc.o
                0x0000000008001b8c                HAL_RCC_GetSysClockFreq
 .text.HAL_RCC_GetHCLKFreq
                0x0000000008001cf8       0x18 ./Drivers/STM32F4xx_HAL_Driver/Src/stm32f4xx_hal_rcc.o
                0x0000000008001cf8                HAL_RCC_GetHCLKFreq
 .text.HAL_RCC_GetPCLK1Freq
                0x0000000008001d10       0x28 ./Drivers/STM32F4xx_HAL_Driver/Src/stm32f4xx_hal_rcc.o
                0x0000000008001d10                HAL_RCC_GetPCLK1Freq
 .text.HAL_RCC_GetPCLK2Freq
                0x0000000008001d38       0x28 ./Drivers/STM32F4xx_HAL_Driver/Src/stm32f4xx_hal_rcc.o
                0x0000000008001d38                HAL_RCC_GetPCLK2Freq
 .text.HAL_UART_Init
                0x0000000008001d60       0x9a ./Drivers/STM32F4xx_HAL_Driver/Src/stm32f4xx_hal_uart.o
                0x0000000008001d60                HAL_UART_Init
 .text.HAL_UART_Transmit
                0x0000000008001dfa      0x124 ./Drivers/STM32F4xx_HAL_Driver/Src/stm32f4xx_hal_uart.o
                0x0000000008001dfa                HAL_UART_Transmit
 *fill*         0x0000000008001f1e        0x2 
 .text.HAL_UART_IRQHandler
                0x0000000008001f20      0x51c ./Drivers/STM32F4xx_HAL_Driver/Src/stm32f4xx_hal_uart.o
                0x0000000008001f20                HAL_UART_IRQHandler
 .text.HAL_UART_TxCpltCallback
                0x000000000800243c       0x14 ./Drivers/STM32F4xx_HAL_Driver/Src/stm32f4xx_hal_uart.o
                0x000000000800243c                HAL_UART_TxCpltCallback
 .text.HAL_UART_RxCpltCallback
                0x0000000008002450       0x14 ./Drivers/STM32F4xx_HAL_Driver/Src/stm32f4xx_hal_uart.o
                0x0000000008002450                HAL_UART_RxCpltCallback
 .text.HAL_UART_ErrorCallback
                0x0000000008002464       0x14 ./Drivers/STM32F4xx_HAL_Driver/Src/stm32f4xx_hal_uart.o
                0x0000000008002464                HAL_UART_ErrorCallback
 .text.HAL_UARTEx_RxEventCallback
                0x0000000008002478       0x18 ./Drivers/STM32F4xx_HAL_Driver/Src/stm32f4xx_hal_uart.o
                0x0000000008002478                HAL_UARTEx_RxEventCallback
 .text.UART_WaitOnFlagUntilTimeout
                0x0000000008002490       0xdc ./Drivers/STM32F4xx_HAL_Driver/Src/stm32f4xx_hal_uart.o
 .text.UART_EndRxTransfer
                0x000000000800256c       0xc6 ./Drivers/STM32F4xx_HAL_Driver/Src/stm32f4xx_hal_uart.o
 .text.UART_DMAAbortOnError
                0x0000000008002632       0x28 ./Drivers/STM32F4xx_HAL_Driver/Src/stm32f4xx_hal_uart.o
 .text.UART_Transmit_IT
                0x000000000800265a       0xa0 ./Drivers/STM32F4xx_HAL_Driver/Src/stm32f4xx_hal_uart.o
 .text.UART_EndTransmit_IT
                0x00000000080026fa       0x30 ./Drivers/STM32F4xx_HAL_Driver/Src/stm32f4xx_hal_uart.o
 .text.UART_Receive_IT
                0x000000000800272a      0x176 ./Drivers/STM32F4xx_HAL_Driver/Src/stm32f4xx_hal_uart.o
 .text.UART_SetConfig
                0x00000000080028a0      0x390 ./Drivers/STM32F4xx_HAL_Driver/Src/stm32f4xx_hal_uart.o
 .text.__libc_init_array
                0x0000000008002c30       0x48 c:/st/stm32cubeide_1.7.0/stm32cubeide/plugins/com.st.stm32cube.ide.mcu.externaltools.gnu-tools-for-stm32.9-2020-q2-update.win32_2.0.0.202105311346/tools/bin/../lib/gcc/arm-none-eabi/9.3.1/../../../../arm-none-eabi/lib/thumb/v7e-m+fp/hard\libc_nano.a(lib_a-init.o)
                0x0000000008002c30                __libc_init_array
 .text.memset   0x0000000008002c78       0x10 c:/st/stm32cubeide_1.7.0/stm32cubeide/plugins/com.st.stm32cube.ide.mcu.externaltools.gnu-tools-for-stm32.9-2020-q2-update.win32_2.0.0.202105311346/tools/bin/../lib/gcc/arm-none-eabi/9.3.1/../../../../arm-none-eabi/lib/thumb/v7e-m+fp/hard\libc_nano.a(lib_a-memset.o)
                0x0000000008002c78                memset
 *(.glue_7)
 .glue_7        0x0000000008002c88        0x0 linker stubs
 *(.glue_7t)
 .glue_7t       0x0000000008002c88        0x0 linker stubs
 *(.eh_frame)
 .eh_frame      0x0000000008002c88        0x0 c:/st/stm32cubeide_1.7.0/stm32cubeide/plugins/com.st.stm32cube.ide.mcu.externaltools.gnu-tools-for-stm32.9-2020-q2-update.win32_2.0.0.202105311346/tools/bin/../lib/gcc/arm-none-eabi/9.3.1/thumb/v7e-m+fp/hard/crtbegin.o
 *(.init)
 .init          0x0000000008002c88        0x4 c:/st/stm32cubeide_1.7.0/stm32cubeide/plugins/com.st.stm32cube.ide.mcu.externaltools.gnu-tools-for-stm32.9-2020-q2-update.win32_2.0.0.202105311346/tools/bin/../lib/gcc/arm-none-eabi/9.3.1/thumb/v7e-m+fp/hard/crti.o
                0x0000000008002c88                _init
 .init          0x0000000008002c8c        0x8 c:/st/stm32cubeide_1.7.0/stm32cubeide/plugins/com.st.stm32cube.ide.mcu.externaltools.gnu-tools-for-stm32.9-2020-q2-update.win32_2.0.0.202105311346/tools/bin/../lib/gcc/arm-none-eabi/9.3.1/thumb/v7e-m+fp/hard/crtn.o
 *(.fini)
 .fini          0x0000000008002c94        0x4 c:/st/stm32cubeide_1.7.0/stm32cubeide/plugins/com.st.stm32cube.ide.mcu.externaltools.gnu-tools-for-stm32.9-2020-q2-update.win32_2.0.0.202105311346/tools/bin/../lib/gcc/arm-none-eabi/9.3.1/thumb/v7e-m+fp/hard/crti.o
                0x0000000008002c94                _fini
 .fini          0x0000000008002c98        0x8 c:/st/stm32cubeide_1.7.0/stm32cubeide/plugins/com.st.stm32cube.ide.mcu.externaltools.gnu-tools-for-stm32.9-2020-q2-update.win32_2.0.0.202105311346/tools/bin/../lib/gcc/arm-none-eabi/9.3.1/thumb/v7e-m+fp/hard/crtn.o
                0x0000000008002ca0                . = ALIGN (0x4)
                0x0000000008002ca0                _etext = .

.vfp11_veneer   0x0000000008002ca0        0x0
 .vfp11_veneer  0x0000000008002ca0        0x0 linker stubs

.v4_bx          0x0000000008002ca0        0x0
 .v4_bx         0x0000000008002ca0        0x0 linker stubs

.iplt           0x0000000008002ca0        0x0
 .iplt          0x0000000008002ca0        0x0 c:/st/stm32cubeide_1.7.0/stm32cubeide/plugins/com.st.stm32cube.ide.mcu.externaltools.gnu-tools-for-stm32.9-2020-q2-update.win32_2.0.0.202105311346/tools/bin/../lib/gcc/arm-none-eabi/9.3.1/thumb/v7e-m+fp/hard/crtbegin.o

.rodata         0x0000000008002ca0       0x2c
                0x0000000008002ca0                . = ALIGN (0x4)
 *(.rodata)
 .rodata        0x0000000008002ca0       0x11 ./Core/Src/main.o
 *(.rodata*)
 *fill*         0x0000000008002cb1        0x3 
 .rodata.AHBPrescTable
                0x0000000008002cb4       0x10 ./Core/Src/system_stm32f4xx.o
                0x0000000008002cb4                AHBPrescTable
 .rodata.APBPrescTable
                0x0000000008002cc4        0x8 ./Core/Src/system_stm32f4xx.o
                0x0000000008002cc4                APBPrescTable
                0x0000000008002ccc                . = ALIGN (0x4)

.ARM.extab      0x0000000008002ccc        0x0
                0x0000000008002ccc                . = ALIGN (0x4)
 *(.ARM.extab* .gnu.linkonce.armextab.*)
                0x0000000008002ccc                . = ALIGN (0x4)

.ARM            0x0000000008002ccc        0x8
                0x0000000008002ccc                . = ALIGN (0x4)
                0x0000000008002ccc                __exidx_start = .
 *(.ARM.exidx*)
 .ARM.exidx     0x0000000008002ccc        0x8 c:/st/stm32cubeide_1.7.0/stm32cubeide/plugins/com.st.stm32cube.ide.mcu.externaltools.gnu-tools-for-stm32.9-2020-q2-update.win32_2.0.0.202105311346/tools/bin/../lib/gcc/arm-none-eabi/9.3.1/thumb/v7e-m+fp/hard\libgcc.a(_udivmoddi4.o)
                0x0000000008002cd4                __exidx_end = .
                0x0000000008002cd4                . = ALIGN (0x4)

.rel.dyn        0x0000000008002cd4        0x0
 .rel.iplt      0x0000000008002cd4        0x0 c:/st/stm32cubeide_1.7.0/stm32cubeide/plugins/com.st.stm32cube.ide.mcu.externaltools.gnu-tools-for-stm32.9-2020-q2-update.win32_2.0.0.202105311346/tools/bin/../lib/gcc/arm-none-eabi/9.3.1/thumb/v7e-m+fp/hard/crtbegin.o

.preinit_array  0x0000000008002cd4        0x0
                0x0000000008002cd4                . = ALIGN (0x4)
                0x0000000008002cd4                PROVIDE (__preinit_array_start = .)
 *(.preinit_array*)
                0x0000000008002cd4                PROVIDE (__preinit_array_end = .)
                0x0000000008002cd4                . = ALIGN (0x4)

.init_array     0x0000000008002cd4        0x4
                0x0000000008002cd4                . = ALIGN (0x4)
                0x0000000008002cd4                PROVIDE (__init_array_start = .)
 *(SORT_BY_NAME(.init_array.*))
 *(.init_array*)
 .init_array    0x0000000008002cd4        0x4 c:/st/stm32cubeide_1.7.0/stm32cubeide/plugins/com.st.stm32cube.ide.mcu.externaltools.gnu-tools-for-stm32.9-2020-q2-update.win32_2.0.0.202105311346/tools/bin/../lib/gcc/arm-none-eabi/9.3.1/thumb/v7e-m+fp/hard/crtbegin.o
                0x0000000008002cd8                PROVIDE (__init_array_end = .)
                0x0000000008002cd8                . = ALIGN (0x4)

.fini_array     0x0000000008002cd8        0x4
                0x0000000008002cd8                . = ALIGN (0x4)
                [!provide]                        PROVIDE (__fini_array_start = .)
 *(SORT_BY_NAME(.fini_array.*))
 *(.fini_array*)
 .fini_array    0x0000000008002cd8        0x4 c:/st/stm32cubeide_1.7.0/stm32cubeide/plugins/com.st.stm32cube.ide.mcu.externaltools.gnu-tools-for-stm32.9-2020-q2-update.win32_2.0.0.202105311346/tools/bin/../lib/gcc/arm-none-eabi/9.3.1/thumb/v7e-m+fp/hard/crtbegin.o
                [!provide]                        PROVIDE (__fini_array_end = .)
                0x0000000008002cdc                . = ALIGN (0x4)
                0x0000000008002cdc                _sidata = LOADADDR (.data)

.data           0x0000000020000000        0xc load address 0x0000000008002cdc
                0x0000000020000000                . = ALIGN (0x4)
                0x0000000020000000                _sdata = .
 *(.data)
 *(.data*)
 .data.SystemCoreClock
                0x0000000020000000        0x4 ./Core/Src/system_stm32f4xx.o
                0x0000000020000000                SystemCoreClock
 .data.uwTickPrio
                0x0000000020000004        0x4 ./Drivers/STM32F4xx_HAL_Driver/Src/stm32f4xx_hal.o
                0x0000000020000004                uwTickPrio
 .data.uwTickFreq
                0x0000000020000008        0x1 ./Drivers/STM32F4xx_HAL_Driver/Src/stm32f4xx_hal.o
                0x0000000020000008                uwTickFreq
 *(.RamFunc)
 *(.RamFunc*)
                0x000000002000000c                . = ALIGN (0x4)
 *fill*         0x0000000020000009        0x3 
                0x000000002000000c                _edata = .
                0x0000000008002ce8                _siccmram = LOADADDR (.ccmram)

.igot.plt       0x000000002000000c        0x0 load address 0x0000000008002ce8
 .igot.plt      0x000000002000000c        0x0 c:/st/stm32cubeide_1.7.0/stm32cubeide/plugins/com.st.stm32cube.ide.mcu.externaltools.gnu-tools-for-stm32.9-2020-q2-update.win32_2.0.0.202105311346/tools/bin/../lib/gcc/arm-none-eabi/9.3.1/thumb/v7e-m+fp/hard/crtbegin.o

.ccmram         0x0000000010000000        0x0 load address 0x0000000008002ce8
                0x0000000010000000                . = ALIGN (0x4)
                0x0000000010000000                _sccmram = .
 *(.ccmram)
 *(.ccmram*)
                0x0000000010000000                . = ALIGN (0x4)
                0x0000000010000000                _eccmram = .
                0x0000000010000000                . = ALIGN (0x4)

.bss            0x000000002000000c       0xbc
                0x000000002000000c                _sbss = .
                0x000000002000000c                __bss_start__ = _sbss
 *(.bss)
 .bss           0x000000002000000c       0x1c c:/st/stm32cubeide_1.7.0/stm32cubeide/plugins/com.st.stm32cube.ide.mcu.externaltools.gnu-tools-for-stm32.9-2020-q2-update.win32_2.0.0.202105311346/tools/bin/../lib/gcc/arm-none-eabi/9.3.1/thumb/v7e-m+fp/hard/crtbegin.o
 *(.bss*)
 *(COMMON)
 COMMON         0x0000000020000028       0x9c ./Core/Src/main.o
                0x0000000020000028                x
                0x000000002000002a                z_final
                0x000000002000002c                rxdf
                0x000000002000002e                z
                0x0000000020000030                x_final
                0x0000000020000034                huart1
                0x0000000020000078                y
                0x000000002000007c                huart2
                0x00000000200000c0                y_final
                0x00000000200000c2                rxd
 COMMON         0x00000000200000c4        0x4 ./Drivers/STM32F4xx_HAL_Driver/Src/stm32f4xx_hal.o
                0x00000000200000c4                uwTick
                0x00000000200000c8                . = ALIGN (0x4)
                0x00000000200000c8                _ebss = .
                0x00000000200000c8                __bss_end__ = _ebss

._user_heap_stack
                0x00000000200000c8      0x600
                0x00000000200000c8                . = ALIGN (0x8)
                [!provide]                        PROVIDE (end = .)
                0x00000000200000c8                PROVIDE (_end = .)
                0x00000000200002c8                . = (. + _Min_Heap_Size)
 *fill*         0x00000000200000c8      0x200 
                0x00000000200006c8                . = (. + _Min_Stack_Size)
 *fill*         0x00000000200002c8      0x400 
                0x00000000200006c8                . = ALIGN (0x8)

/DISCARD/
 libc.a(*)
 libm.a(*)
 libgcc.a(*)

.ARM.attributes
                0x0000000000000000       0x30
 *(.ARM.attributes)
 .ARM.attributes
                0x0000000000000000       0x1e c:/st/stm32cubeide_1.7.0/stm32cubeide/plugins/com.st.stm32cube.ide.mcu.externaltools.gnu-tools-for-stm32.9-2020-q2-update.win32_2.0.0.202105311346/tools/bin/../lib/gcc/arm-none-eabi/9.3.1/thumb/v7e-m+fp/hard/crti.o
 .ARM.attributes
                0x000000000000001e       0x34 c:/st/stm32cubeide_1.7.0/stm32cubeide/plugins/com.st.stm32cube.ide.mcu.externaltools.gnu-tools-for-stm32.9-2020-q2-update.win32_2.0.0.202105311346/tools/bin/../lib/gcc/arm-none-eabi/9.3.1/thumb/v7e-m+fp/hard/crtbegin.o
 .ARM.attributes
                0x0000000000000052       0x34 ./Core/Src/main.o
 .ARM.attributes
                0x0000000000000086       0x34 ./Core/Src/stm32f4xx_hal_msp.o
 .ARM.attributes
                0x00000000000000ba       0x34 ./Core/Src/stm32f4xx_it.o
 .ARM.attributes
                0x00000000000000ee       0x34 ./Core/Src/system_stm32f4xx.o
 .ARM.attributes
                0x0000000000000122       0x21 ./Core/Startup/startup_stm32f407vgtx.o
 .ARM.attributes
                0x0000000000000143       0x34 ./Drivers/STM32F4xx_HAL_Driver/Src/stm32f4xx_hal.o
 .ARM.attributes
                0x0000000000000177       0x34 ./Drivers/STM32F4xx_HAL_Driver/Src/stm32f4xx_hal_cortex.o
 .ARM.attributes
                0x00000000000001ab       0x34 ./Drivers/STM32F4xx_HAL_Driver/Src/stm32f4xx_hal_dma.o
 .ARM.attributes
                0x00000000000001df       0x34 ./Drivers/STM32F4xx_HAL_Driver/Src/stm32f4xx_hal_gpio.o
 .ARM.attributes
                0x0000000000000213       0x34 ./Drivers/STM32F4xx_HAL_Driver/Src/stm32f4xx_hal_rcc.o
 .ARM.attributes
                0x0000000000000247       0x34 ./Drivers/STM32F4xx_HAL_Driver/Src/stm32f4xx_hal_uart.o
 .ARM.attributes
                0x000000000000027b       0x34 c:/st/stm32cubeide_1.7.0/stm32cubeide/plugins/com.st.stm32cube.ide.mcu.externaltools.gnu-tools-for-stm32.9-2020-q2-update.win32_2.0.0.202105311346/tools/bin/../lib/gcc/arm-none-eabi/9.3.1/../../../../arm-none-eabi/lib/thumb/v7e-m+fp/hard\libc_nano.a(lib_a-init.o)
 .ARM.attributes
                0x00000000000002af       0x34 c:/st/stm32cubeide_1.7.0/stm32cubeide/plugins/com.st.stm32cube.ide.mcu.externaltools.gnu-tools-for-stm32.9-2020-q2-update.win32_2.0.0.202105311346/tools/bin/../lib/gcc/arm-none-eabi/9.3.1/../../../../arm-none-eabi/lib/thumb/v7e-m+fp/hard\libc_nano.a(lib_a-memset.o)
 .ARM.attributes
                0x00000000000002e3       0x1e c:/st/stm32cubeide_1.7.0/stm32cubeide/plugins/com.st.stm32cube.ide.mcu.externaltools.gnu-tools-for-stm32.9-2020-q2-update.win32_2.0.0.202105311346/tools/bin/../lib/gcc/arm-none-eabi/9.3.1/thumb/v7e-m+fp/hard\libgcc.a(_aeabi_uldivmod.o)
 .ARM.attributes
                0x0000000000000301       0x34 c:/st/stm32cubeide_1.7.0/stm32cubeide/plugins/com.st.stm32cube.ide.mcu.externaltools.gnu-tools-for-stm32.9-2020-q2-update.win32_2.0.0.202105311346/tools/bin/../lib/gcc/arm-none-eabi/9.3.1/thumb/v7e-m+fp/hard\libgcc.a(_udivmoddi4.o)
 .ARM.attributes
                0x0000000000000335       0x1e c:/st/stm32cubeide_1.7.0/stm32cubeide/plugins/com.st.stm32cube.ide.mcu.externaltools.gnu-tools-for-stm32.9-2020-q2-update.win32_2.0.0.202105311346/tools/bin/../lib/gcc/arm-none-eabi/9.3.1/thumb/v7e-m+fp/hard\libgcc.a(_dvmd_tls.o)
 .ARM.attributes
                0x0000000000000353       0x1e c:/st/stm32cubeide_1.7.0/stm32cubeide/plugins/com.st.stm32cube.ide.mcu.externaltools.gnu-tools-for-stm32.9-2020-q2-update.win32_2.0.0.202105311346/tools/bin/../lib/gcc/arm-none-eabi/9.3.1/thumb/v7e-m+fp/hard/crtn.o
OUTPUT(UART2.elf elf32-littlearm)
LOAD linker stubs
LOAD c:/st/stm32cubeide_1.7.0/stm32cubeide/plugins/com.st.stm32cube.ide.mcu.externaltools.gnu-tools-for-stm32.9-2020-q2-update.win32_2.0.0.202105311346/tools/bin/../lib/gcc/arm-none-eabi/9.3.1/../../../../arm-none-eabi/lib/thumb/v7e-m+fp/hard\libc.a
LOAD c:/st/stm32cubeide_1.7.0/stm32cubeide/plugins/com.st.stm32cube.ide.mcu.externaltools.gnu-tools-for-stm32.9-2020-q2-update.win32_2.0.0.202105311346/tools/bin/../lib/gcc/arm-none-eabi/9.3.1/../../../../arm-none-eabi/lib/thumb/v7e-m+fp/hard\libm.a
LOAD c:/st/stm32cubeide_1.7.0/stm32cubeide/plugins/com.st.stm32cube.ide.mcu.externaltools.gnu-tools-for-stm32.9-2020-q2-update.win32_2.0.0.202105311346/tools/bin/../lib/gcc/arm-none-eabi/9.3.1/thumb/v7e-m+fp/hard\libgcc.a

.debug_info     0x0000000000000000     0x8f3b
 .debug_info    0x0000000000000000      0xfc5 ./Core/Src/main.o
 .debug_info    0x0000000000000fc5      0xc59 ./Core/Src/stm32f4xx_hal_msp.o
 .debug_info    0x0000000000001c1e      0x72b ./Core/Src/stm32f4xx_it.o
 .debug_info    0x0000000000002349      0x5a4 ./Core/Src/system_stm32f4xx.o
 .debug_info    0x00000000000028ed       0x22 ./Core/Startup/startup_stm32f407vgtx.o
 .debug_info    0x000000000000290f      0x9b2 ./Drivers/STM32F4xx_HAL_Driver/Src/stm32f4xx_hal.o
 .debug_info    0x00000000000032c1      0xed7 ./Drivers/STM32F4xx_HAL_Driver/Src/stm32f4xx_hal_cortex.o
 .debug_info    0x0000000000004198      0x9f1 ./Drivers/STM32F4xx_HAL_Driver/Src/stm32f4xx_hal_dma.o
 .debug_info    0x0000000000004b89      0x83e ./Drivers/STM32F4xx_HAL_Driver/Src/stm32f4xx_hal_gpio.o
 .debug_info    0x00000000000053c7      0x996 ./Drivers/STM32F4xx_HAL_Driver/Src/stm32f4xx_hal_rcc.o
 .debug_info    0x0000000000005d5d     0x31de ./Drivers/STM32F4xx_HAL_Driver/Src/stm32f4xx_hal_uart.o

.debug_abbrev   0x0000000000000000     0x1647
 .debug_abbrev  0x0000000000000000      0x305 ./Core/Src/main.o
 .debug_abbrev  0x0000000000000305      0x1b5 ./Core/Src/stm32f4xx_hal_msp.o
 .debug_abbrev  0x00000000000004ba      0x163 ./Core/Src/stm32f4xx_it.o
 .debug_abbrev  0x000000000000061d      0x145 ./Core/Src/system_stm32f4xx.o
 .debug_abbrev  0x0000000000000762       0x12 ./Core/Startup/startup_stm32f407vgtx.o
 .debug_abbrev  0x0000000000000774      0x1ed ./Drivers/STM32F4xx_HAL_Driver/Src/stm32f4xx_hal.o
 .debug_abbrev  0x0000000000000961      0x33c ./Drivers/STM32F4xx_HAL_Driver/Src/stm32f4xx_hal_cortex.o
 .debug_abbrev  0x0000000000000c9d      0x259 ./Drivers/STM32F4xx_HAL_Driver/Src/stm32f4xx_hal_dma.o
 .debug_abbrev  0x0000000000000ef6      0x1f1 ./Drivers/STM32F4xx_HAL_Driver/Src/stm32f4xx_hal_gpio.o
 .debug_abbrev  0x00000000000010e7      0x275 ./Drivers/STM32F4xx_HAL_Driver/Src/stm32f4xx_hal_rcc.o
 .debug_abbrev  0x000000000000135c      0x2eb ./Drivers/STM32F4xx_HAL_Driver/Src/stm32f4xx_hal_uart.o

.debug_aranges  0x0000000000000000      0x6f8
 .debug_aranges
                0x0000000000000000       0x90 ./Core/Src/main.o
 .debug_aranges
                0x0000000000000090       0x30 ./Core/Src/stm32f4xx_hal_msp.o
 .debug_aranges
                0x00000000000000c0       0x70 ./Core/Src/stm32f4xx_it.o
 .debug_aranges
                0x0000000000000130       0x28 ./Core/Src/system_stm32f4xx.o
 .debug_aranges
                0x0000000000000158       0x28 ./Core/Startup/startup_stm32f407vgtx.o
 .debug_aranges
                0x0000000000000180       0xf0 ./Drivers/STM32F4xx_HAL_Driver/Src/stm32f4xx_hal.o
 .debug_aranges
                0x0000000000000270      0x118 ./Drivers/STM32F4xx_HAL_Driver/Src/stm32f4xx_hal_cortex.o
 .debug_aranges
                0x0000000000000388       0x90 ./Drivers/STM32F4xx_HAL_Driver/Src/stm32f4xx_hal_dma.o
 .debug_aranges
                0x0000000000000418       0x58 ./Drivers/STM32F4xx_HAL_Driver/Src/stm32f4xx_hal_gpio.o
 .debug_aranges
                0x0000000000000470       0x88 ./Drivers/STM32F4xx_HAL_Driver/Src/stm32f4xx_hal_rcc.o
 .debug_aranges
                0x00000000000004f8      0x200 ./Drivers/STM32F4xx_HAL_Driver/Src/stm32f4xx_hal_uart.o

.debug_ranges   0x0000000000000000      0x680
 .debug_ranges  0x0000000000000000       0x80 ./Core/Src/main.o
 .debug_ranges  0x0000000000000080       0x20 ./Core/Src/stm32f4xx_hal_msp.o
 .debug_ranges  0x00000000000000a0       0x60 ./Core/Src/stm32f4xx_it.o
 .debug_ranges  0x0000000000000100       0x18 ./Core/Src/system_stm32f4xx.o
 .debug_ranges  0x0000000000000118       0x20 ./Core/Startup/startup_stm32f407vgtx.o
 .debug_ranges  0x0000000000000138       0xe0 ./Drivers/STM32F4xx_HAL_Driver/Src/stm32f4xx_hal.o
 .debug_ranges  0x0000000000000218      0x108 ./Drivers/STM32F4xx_HAL_Driver/Src/stm32f4xx_hal_cortex.o
 .debug_ranges  0x0000000000000320       0x80 ./Drivers/STM32F4xx_HAL_Driver/Src/stm32f4xx_hal_dma.o
 .debug_ranges  0x00000000000003a0       0x48 ./Drivers/STM32F4xx_HAL_Driver/Src/stm32f4xx_hal_gpio.o
 .debug_ranges  0x00000000000003e8       0x78 ./Drivers/STM32F4xx_HAL_Driver/Src/stm32f4xx_hal_rcc.o
 .debug_ranges  0x0000000000000460      0x220 ./Drivers/STM32F4xx_HAL_Driver/Src/stm32f4xx_hal_uart.o

.debug_macro    0x0000000000000000    0x1f3e3
 .debug_macro   0x0000000000000000      0x212 ./Core/Src/main.o
 .debug_macro   0x0000000000000212      0xaa8 ./Core/Src/main.o
 .debug_macro   0x0000000000000cba      0x295 ./Core/Src/main.o
 .debug_macro   0x0000000000000f4f       0x2e ./Core/Src/main.o
 .debug_macro   0x0000000000000f7d       0x2f ./Core/Src/main.o
 .debug_macro   0x0000000000000fac       0x22 ./Core/Src/main.o
 .debug_macro   0x0000000000000fce       0x8e ./Core/Src/main.o
 .debug_macro   0x000000000000105c       0x51 ./Core/Src/main.o
 .debug_macro   0x00000000000010ad      0x103 ./Core/Src/main.o
 .debug_macro   0x00000000000011b0       0x6a ./Core/Src/main.o
 .debug_macro   0x000000000000121a      0x1df ./Core/Src/main.o
 .debug_macro   0x00000000000013f9       0x1c ./Core/Src/main.o
 .debug_macro   0x0000000000001415       0x22 ./Core/Src/main.o
 .debug_macro   0x0000000000001437       0xdf ./Core/Src/main.o
 .debug_macro   0x0000000000001516     0x102d ./Core/Src/main.o
 .debug_macro   0x0000000000002543      0x11f ./Core/Src/main.o
 .debug_macro   0x0000000000002662    0x15e58 ./Core/Src/main.o
 .debug_macro   0x00000000000184ba       0x6d ./Core/Src/main.o
 .debug_macro   0x0000000000018527     0x3666 ./Core/Src/main.o
 .debug_macro   0x000000000001bb8d      0x174 ./Core/Src/main.o
 .debug_macro   0x000000000001bd01       0x5c ./Core/Src/main.o
 .debug_macro   0x000000000001bd5d      0x96b ./Core/Src/main.o
 .debug_macro   0x000000000001c6c8      0x9fe ./Core/Src/main.o
 .debug_macro   0x000000000001d0c6      0x116 ./Core/Src/main.o
 .debug_macro   0x000000000001d1dc      0x13e ./Core/Src/main.o
 .debug_macro   0x000000000001d31a       0xa5 ./Core/Src/main.o
 .debug_macro   0x000000000001d3bf      0x174 ./Core/Src/main.o
 .debug_macro   0x000000000001d533      0x287 ./Core/Src/main.o
 .debug_macro   0x000000000001d7ba       0x5f ./Core/Src/main.o
 .debug_macro   0x000000000001d819      0x236 ./Core/Src/main.o
 .debug_macro   0x000000000001da4f      0x12c ./Core/Src/main.o
 .debug_macro   0x000000000001db7b      0x21e ./Core/Src/main.o
 .debug_macro   0x000000000001dd99       0x2e ./Core/Src/main.o
 .debug_macro   0x000000000001ddc7      0x11a ./Core/Src/main.o
 .debug_macro   0x000000000001dee1       0x7e ./Core/Src/main.o
 .debug_macro   0x000000000001df5f       0x89 ./Core/Src/main.o
 .debug_macro   0x000000000001dfe8      0x295 ./Core/Src/main.o
 .debug_macro   0x000000000001e27d      0x12d ./Core/Src/main.o
 .debug_macro   0x000000000001e3aa      0x1c4 ./Core/Src/stm32f4xx_hal_msp.o
 .debug_macro   0x000000000001e56e      0x1ce ./Core/Src/stm32f4xx_it.o
 .debug_macro   0x000000000001e73c      0x1ba ./Core/Src/system_stm32f4xx.o
 .debug_macro   0x000000000001e8f6      0x21a ./Drivers/STM32F4xx_HAL_Driver/Src/stm32f4xx_hal.o
 .debug_macro   0x000000000001eb10      0x1ba ./Drivers/STM32F4xx_HAL_Driver/Src/stm32f4xx_hal_cortex.o
 .debug_macro   0x000000000001ecca      0x1c0 ./Drivers/STM32F4xx_HAL_Driver/Src/stm32f4xx_hal_dma.o
 .debug_macro   0x000000000001ee8a      0x1c0 ./Drivers/STM32F4xx_HAL_Driver/Src/stm32f4xx_hal_gpio.o
 .debug_macro   0x000000000001f04a      0x1de ./Drivers/STM32F4xx_HAL_Driver/Src/stm32f4xx_hal_rcc.o
 .debug_macro   0x000000000001f228      0x1bb ./Drivers/STM32F4xx_HAL_Driver/Src/stm32f4xx_hal_uart.o

.debug_line     0x0000000000000000     0x8690
 .debug_line    0x0000000000000000      0x9d5 ./Core/Src/main.o
 .debug_line    0x00000000000009d5      0x71b ./Core/Src/stm32f4xx_hal_msp.o
 .debug_line    0x00000000000010f0      0x788 ./Core/Src/stm32f4xx_it.o
 .debug_line    0x0000000000001878      0x717 ./Core/Src/system_stm32f4xx.o
 .debug_line    0x0000000000001f8f       0x88 ./Core/Startup/startup_stm32f407vgtx.o
 .debug_line    0x0000000000002017      0x97d ./Drivers/STM32F4xx_HAL_Driver/Src/stm32f4xx_hal.o
 .debug_line    0x0000000000002994      0xc2c ./Drivers/STM32F4xx_HAL_Driver/Src/stm32f4xx_hal_cortex.o
 .debug_line    0x00000000000035c0      0xee2 ./Drivers/STM32F4xx_HAL_Driver/Src/stm32f4xx_hal_dma.o
 .debug_line    0x00000000000044a2      0xaf3 ./Drivers/STM32F4xx_HAL_Driver/Src/stm32f4xx_hal_gpio.o
 .debug_line    0x0000000000004f95      0xcf7 ./Drivers/STM32F4xx_HAL_Driver/Src/stm32f4xx_hal_rcc.o
 .debug_line    0x0000000000005c8c     0x2a04 ./Drivers/STM32F4xx_HAL_Driver/Src/stm32f4xx_hal_uart.o

.debug_str      0x0000000000000000    0xbe9c2
 .debug_str     0x0000000000000000    0xbcc6b ./Core/Src/main.o
                                      0xbcf89 (size before relaxing)
 .debug_str     0x00000000000bcc6b      0x55d ./Core/Src/stm32f4xx_hal_msp.o
                                      0xbd13d (size before relaxing)
 .debug_str     0x00000000000bd1c8       0xe1 ./Core/Src/stm32f4xx_it.o
                                      0xbcb7d (size before relaxing)
 .debug_str     0x00000000000bd2a9       0xaf ./Core/Src/system_stm32f4xx.o
                                      0xbc7fa (size before relaxing)
 .debug_str     0x00000000000bd358       0x36 ./Core/Startup/startup_stm32f407vgtx.o
                                         0x4e (size before relaxing)
 .debug_str     0x00000000000bd38e      0x58d ./Drivers/STM32F4xx_HAL_Driver/Src/stm32f4xx_hal.o
                                      0xbd2dc (size before relaxing)
 .debug_str     0x00000000000bd91b      0x399 ./Drivers/STM32F4xx_HAL_Driver/Src/stm32f4xx_hal_cortex.o
                                      0xbd0cb (size before relaxing)
 .debug_str     0x00000000000bdcb4      0x328 ./Drivers/STM32F4xx_HAL_Driver/Src/stm32f4xx_hal_dma.o
                                      0xbcc24 (size before relaxing)
 .debug_str     0x00000000000bdfdc      0x17b ./Drivers/STM32F4xx_HAL_Driver/Src/stm32f4xx_hal_gpio.o
                                      0xbc9a1 (size before relaxing)
 .debug_str     0x00000000000be157      0x259 ./Drivers/STM32F4xx_HAL_Driver/Src/stm32f4xx_hal_rcc.o
                                      0xbcbfc (size before relaxing)
 .debug_str     0x00000000000be3b0      0x612 ./Drivers/STM32F4xx_HAL_Driver/Src/stm32f4xx_hal_uart.o
                                      0xbd182 (size before relaxing)

.comment        0x0000000000000000       0x53
 .comment       0x0000000000000000       0x53 ./Core/Src/main.o
                                         0x54 (size before relaxing)
 .comment       0x0000000000000053       0x54 ./Core/Src/stm32f4xx_hal_msp.o
 .comment       0x0000000000000053       0x54 ./Core/Src/stm32f4xx_it.o
 .comment       0x0000000000000053       0x54 ./Core/Src/system_stm32f4xx.o
 .comment       0x0000000000000053       0x54 ./Drivers/STM32F4xx_HAL_Driver/Src/stm32f4xx_hal.o
 .comment       0x0000000000000053       0x54 ./Drivers/STM32F4xx_HAL_Driver/Src/stm32f4xx_hal_cortex.o
 .comment       0x0000000000000053       0x54 ./Drivers/STM32F4xx_HAL_Driver/Src/stm32f4xx_hal_dma.o
 .comment       0x0000000000000053       0x54 ./Drivers/STM32F4xx_HAL_Driver/Src/stm32f4xx_hal_gpio.o
 .comment       0x0000000000000053       0x54 ./Drivers/STM32F4xx_HAL_Driver/Src/stm32f4xx_hal_rcc.o
 .comment       0x0000000000000053       0x54 ./Drivers/STM32F4xx_HAL_Driver/Src/stm32f4xx_hal_uart.o

.debug_frame    0x0000000000000000     0x1b88
 .debug_frame   0x0000000000000000      0x208 ./Core/Src/main.o
 .debug_frame   0x0000000000000208       0x80 ./Core/Src/stm32f4xx_hal_msp.o
 .debug_frame   0x0000000000000288      0x13c ./Core/Src/stm32f4xx_it.o
 .debug_frame   0x00000000000003c4       0x58 ./Core/Src/system_stm32f4xx.o
 .debug_frame   0x000000000000041c      0x374 ./Drivers/STM32F4xx_HAL_Driver/Src/stm32f4xx_hal.o
 .debug_frame   0x0000000000000790      0x498 ./Drivers/STM32F4xx_HAL_Driver/Src/stm32f4xx_hal_cortex.o
 .debug_frame   0x0000000000000c28      0x250 ./Drivers/STM32F4xx_HAL_Driver/Src/stm32f4xx_hal_dma.o
 .debug_frame   0x0000000000000e78      0x14c ./Drivers/STM32F4xx_HAL_Driver/Src/stm32f4xx_hal_gpio.o
 .debug_frame   0x0000000000000fc4      0x1ec ./Drivers/STM32F4xx_HAL_Driver/Src/stm32f4xx_hal_rcc.o
 .debug_frame   0x00000000000011b0      0x92c ./Drivers/STM32F4xx_HAL_Driver/Src/stm32f4xx_hal_uart.o
 .debug_frame   0x0000000000001adc       0x2c c:/st/stm32cubeide_1.7.0/stm32cubeide/plugins/com.st.stm32cube.ide.mcu.externaltools.gnu-tools-for-stm32.9-2020-q2-update.win32_2.0.0.202105311346/tools/bin/../lib/gcc/arm-none-eabi/9.3.1/../../../../arm-none-eabi/lib/thumb/v7e-m+fp/hard\libc_nano.a(lib_a-init.o)
 .debug_frame   0x0000000000001b08       0x20 c:/st/stm32cubeide_1.7.0/stm32cubeide/plugins/com.st.stm32cube.ide.mcu.externaltools.gnu-tools-for-stm32.9-2020-q2-update.win32_2.0.0.202105311346/tools/bin/../lib/gcc/arm-none-eabi/9.3.1/../../../../arm-none-eabi/lib/thumb/v7e-m+fp/hard\libc_nano.a(lib_a-memset.o)
 .debug_frame   0x0000000000001b28       0x2c c:/st/stm32cubeide_1.7.0/stm32cubeide/plugins/com.st.stm32cube.ide.mcu.externaltools.gnu-tools-for-stm32.9-2020-q2-update.win32_2.0.0.202105311346/tools/bin/../lib/gcc/arm-none-eabi/9.3.1/thumb/v7e-m+fp/hard\libgcc.a(_aeabi_uldivmod.o)
 .debug_frame   0x0000000000001b54       0x34 c:/st/stm32cubeide_1.7.0/stm32cubeide/plugins/com.st.stm32cube.ide.mcu.externaltools.gnu-tools-for-stm32.9-2020-q2-update.win32_2.0.0.202105311346/tools/bin/../lib/gcc/arm-none-eabi/9.3.1/thumb/v7e-m+fp/hard\libgcc.a(_udivmoddi4.o)
