main.c:101:5:main	48	static
main.c:172:6:SystemClock_Config	88	static
main.c:213:13:MX_RTC_Init	32	static
main.c:275:13:MX_USART1_UART_Init	8	static
main.c:308:13:MX_USART2_UART_Init	8	static
main.c:341:13:MX_GPIO_Init	16	static
main.c:350:6:GPIO_Init	4	static
main.c:378:6:SPI_Init	4	static
main.c:418:10:SPI_Transmit	16	static
main.c:431:10:SPI_Receive	16	static
main.c:440:6:LIS_Write	16	static
main.c:454:6:LIS_Init	8	static
main.c:459:6:LIS_Read	8	static
main.c:470:6:TIM4_ms_Delay	16	static
main.c:480:9:Convert_To_Val	16	static
main.c:497:6:Error_Handler	4	static,ignoring_inline_asm
