main.c:98:5:main	40	static
main.c:180:6:SystemClock_Config	88	static
main.c:220:13:MX_USART1_UART_Init	8	static
main.c:253:13:MX_USART2_UART_Init	8	static
main.c:286:13:MX_GPIO_Init	16	static
main.c:295:6:GPIO_Init	4	static
main.c:323:6:SPI_Init	4	static
main.c:363:10:SPI_Transmit	16	static
main.c:376:10:SPI_Receive	16	static
main.c:385:6:LIS_Write	16	static
main.c:399:6:LIS_Init	8	static
main.c:404:6:LIS_Read	8	static
main.c:415:6:TIM4_ms_Delay	16	static
main.c:425:9:Convert_To_Val	16	static
main.c:442:6:Error_Handler	4	static,ignoring_inline_asm
